// Vitest Snapshot v1, https://vitest.dev/guide/snapshot.html

exports[`swap > Should peg-out USDC on Algorand 1`] = `
[MockFunction setCustomTransactions] {
  "calls": [
    [
      [
        {
          "aamt": 1000000000,
          "arcv": {
            "data": [
              89,
              14,
              227,
              159,
              254,
              158,
              136,
              51,
              112,
              24,
              249,
              209,
              154,
              142,
              255,
              175,
              171,
              244,
              202,
              172,
              20,
              255,
              83,
              19,
              103,
              154,
              181,
              176,
              144,
              104,
              66,
              201,
            ],
            "type": "Buffer",
          },
          "fee": 1000,
          "fv": 29759365,
          "gen": "mainnet-v1.0",
          "gh": {
            "data": [
              192,
              97,
              196,
              216,
              252,
              29,
              189,
              222,
              210,
              215,
              96,
              75,
              228,
              86,
              142,
              63,
              109,
              4,
              25,
              135,
              172,
              55,
              189,
              228,
              182,
              32,
              181,
              171,
              57,
              36,
              138,
              223,
            ],
            "type": "Buffer",
          },
          "lv": 29760365,
          "note": {
            "data": [
              148,
              0,
              148,
              0,
              95,
              204,
              231,
              204,
              249,
              217,
              42,
              48,
              120,
              70,
              51,
              57,
              100,
              51,
              48,
              70,
              97,
              53,
              55,
              48,
              100,
              98,
              55,
              57,
              52,
              48,
              101,
              53,
              98,
              51,
              65,
              51,
              101,
              52,
              50,
              54,
              57,
              52,
              54,
              54,
              53,
              65,
              49,
              52,
              52,
              57,
              69,
              52,
              66,
              144,
            ],
            "type": "Buffer",
          },
          "snd": {
            "data": [
              168,
              152,
              149,
              89,
              216,
              235,
              250,
              255,
              201,
              76,
              201,
              74,
              225,
              18,
              46,
              122,
              69,
              151,
              77,
              9,
              99,
              81,
              134,
              208,
              74,
              63,
              215,
              23,
              115,
              169,
              98,
              95,
            ],
            "type": "Buffer",
          },
          "type": "axfer",
          "xaid": 31566704,
        },
        {
          "apaa": [
            {
              "data": [
                115,
                119,
                97,
                112,
              ],
              "type": "Buffer",
            },
            {
              "data": [
                0,
                0,
                0,
                0,
                44,
                152,
                203,
                241,
              ],
              "type": "Buffer",
            },
            {
              "data": [
                189,
                216,
                229,
                179,
                56,
                15,
                100,
                197,
                55,
                47,
                227,
                219,
                194,
                198,
                61,
                37,
                253,
                192,
                166,
                145,
                30,
                71,
                137,
                66,
                139,
                101,
                229,
                217,
                7,
                125,
                228,
                134,
              ],
              "type": "Buffer",
            },
          ],
          "apas": [
            748211185,
            31566704,
          ],
          "apat": [
            {
              "data": [
                189,
                216,
                229,
                179,
                56,
                15,
                100,
                197,
                55,
                47,
                227,
                219,
                194,
                198,
                61,
                37,
                253,
                192,
                166,
                145,
                30,
                71,
                137,
                66,
                139,
                101,
                229,
                217,
                7,
                125,
                228,
                134,
              ],
              "type": "Buffer",
            },
          ],
          "apid": 770102986,
          "fee": 1000,
          "fv": 29759365,
          "gen": "mainnet-v1.0",
          "gh": {
            "data": [
              192,
              97,
              196,
              216,
              252,
              29,
              189,
              222,
              210,
              215,
              96,
              75,
              228,
              86,
              142,
              63,
              109,
              4,
              25,
              135,
              172,
              55,
              189,
              228,
              182,
              32,
              181,
              171,
              57,
              36,
              138,
              223,
            ],
            "type": "Buffer",
          },
          "lv": 29760365,
          "snd": {
            "data": [
              168,
              152,
              149,
              89,
              216,
              235,
              250,
              255,
              201,
              76,
              201,
              74,
              225,
              18,
              46,
              122,
              69,
              151,
              77,
              9,
              99,
              81,
              134,
              208,
              74,
              63,
              215,
              23,
              115,
              169,
              98,
              95,
            ],
            "type": "Buffer",
          },
          "type": "appl",
        },
      ],
    ],
  ],
  "results": [
    {
      "type": "return",
      "value": pTokensAlgorandAsset {
        "_assetInfo": {
          "chainId": "0x03c38e67",
          "decimals": 6,
          "fees": {
            "basisPoints": {
              "hostToHost": 10,
              "hostToNative": 25,
            },
            "minNodeOperatorFee": 10000000000000000000,
            "minNodeOperatorFeeUsd": 10,
            "networkFee": 0,
            "networkFeeUsd": 0,
          },
          "identity": "XXMOLMZYB5SMKNZP4PN4FRR5EX64BJURDZDYSQULMXS5SB354SDLBZX6HI",
          "isNative": false,
          "tokenAddress": "748211185",
          "tokenDecimals": 6,
          "tokenReference": "0xc8bb450f6c03e38ff83e01bc46fc2d24cb270f16",
          "vaultAddress": null,
        },
        "_customTransactions": [
          Transaction {
            "amount": 1000000000,
            "assetIndex": 31566704,
            "fee": 1000,
            "firstRound": 29759365,
            "from": {
              "checksum": Uint8Array [
                234,
                96,
                40,
                72,
              ],
              "publicKey": Uint8Array [
                168,
                152,
                149,
                89,
                216,
                235,
                250,
                255,
                201,
                76,
                201,
                74,
                225,
                18,
                46,
                122,
                69,
                151,
                77,
                9,
                99,
                81,
                134,
                208,
                74,
                63,
                215,
                23,
                115,
                169,
                98,
                95,
              ],
            },
            "genesisHash": {
              "data": [
                192,
                97,
                196,
                216,
                252,
                29,
                189,
                222,
                210,
                215,
                96,
                75,
                228,
                86,
                142,
                63,
                109,
                4,
                25,
                135,
                172,
                55,
                189,
                228,
                182,
                32,
                181,
                171,
                57,
                36,
                138,
                223,
              ],
              "type": "Buffer",
            },
            "genesisID": "mainnet-v1.0",
            "lastRound": 29760365,
            "lease": Uint8Array [],
            "name": "Transaction",
            "note": Uint8Array [
              148,
              0,
              148,
              0,
              95,
              204,
              231,
              204,
              249,
              217,
              42,
              48,
              120,
              70,
              51,
              57,
              100,
              51,
              48,
              70,
              97,
              53,
              55,
              48,
              100,
              98,
              55,
              57,
              52,
              48,
              101,
              53,
              98,
              51,
              65,
              51,
              101,
              52,
              50,
              54,
              57,
              52,
              54,
              54,
              53,
              65,
              49,
              52,
              52,
              57,
              69,
              52,
              66,
              144,
            ],
            "tag": {
              "data": [
                84,
                88,
              ],
              "type": "Buffer",
            },
            "to": {
              "checksum": Uint8Array [
                104,
                63,
                210,
                5,
              ],
              "publicKey": Uint8Array [
                89,
                14,
                227,
                159,
                254,
                158,
                136,
                51,
                112,
                24,
                249,
                209,
                154,
                142,
                255,
                175,
                171,
                244,
                202,
                172,
                20,
                255,
                83,
                19,
                103,
                154,
                181,
                176,
                144,
                104,
                66,
                201,
              ],
            },
            "type": "axfer",
          },
          Transaction {
            "appAccounts": [
              {
                "checksum": Uint8Array [
                  176,
                  230,
                  254,
                  58,
                ],
                "publicKey": Uint8Array [
                  189,
                  216,
                  229,
                  179,
                  56,
                  15,
                  100,
                  197,
                  55,
                  47,
                  227,
                  219,
                  194,
                  198,
                  61,
                  37,
                  253,
                  192,
                  166,
                  145,
                  30,
                  71,
                  137,
                  66,
                  139,
                  101,
                  229,
                  217,
                  7,
                  125,
                  228,
                  134,
                ],
              },
            ],
            "appArgs": [
              Uint8Array [
                115,
                119,
                97,
                112,
              ],
              Uint8Array [
                0,
                0,
                0,
                0,
                44,
                152,
                203,
                241,
              ],
              Uint8Array [
                189,
                216,
                229,
                179,
                56,
                15,
                100,
                197,
                55,
                47,
                227,
                219,
                194,
                198,
                61,
                37,
                253,
                192,
                166,
                145,
                30,
                71,
                137,
                66,
                139,
                101,
                229,
                217,
                7,
                125,
                228,
                134,
              ],
            ],
            "appForeignAssets": [
              748211185,
              31566704,
            ],
            "appIndex": 770102986,
            "fee": 1000,
            "firstRound": 29759365,
            "from": {
              "checksum": Uint8Array [
                234,
                96,
                40,
                72,
              ],
              "publicKey": Uint8Array [
                168,
                152,
                149,
                89,
                216,
                235,
                250,
                255,
                201,
                76,
                201,
                74,
                225,
                18,
                46,
                122,
                69,
                151,
                77,
                9,
                99,
                81,
                134,
                208,
                74,
                63,
                215,
                23,
                115,
                169,
                98,
                95,
              ],
            },
            "genesisHash": {
              "data": [
                192,
                97,
                196,
                216,
                252,
                29,
                189,
                222,
                210,
                215,
                96,
                75,
                228,
                86,
                142,
                63,
                109,
                4,
                25,
                135,
                172,
                55,
                189,
                228,
                182,
                32,
                181,
                171,
                57,
                36,
                138,
                223,
              ],
              "type": "Buffer",
            },
            "genesisID": "mainnet-v1.0",
            "lastRound": 29760365,
            "lease": Uint8Array [],
            "name": "Transaction",
            "note": Uint8Array [],
            "tag": {
              "data": [
                84,
                88,
              ],
              "type": "Buffer",
            },
            "type": "appl",
          },
        ],
        "_node": pTokensNode {
          "_provider": pTokensNodeProvider {},
        },
        "_provider": pTokensAlgorandProvider {
          "_account": "VCMJKWOY5P5P7SKMZFFOCEROPJCZOTIJMNIYNUCKH7LRO45JMJP6UYBIJA",
          "_client": AlgodClient {
            "c": HTTPClient {
              "bc": URLTokenBaseHTTPClient {
                "baseURL": "https://mainnet-api.algonode.cloud/",
                "defaultHeaders": {},
                "tokenHeader": {},
              },
            },
            "intDecoding": "default",
          },
          "_signer": undefined,
        },
        "_symbol": "USDC",
        "_type": 3,
        "_weight": 1,
      },
    },
  ],
}
`;
